#! /usr/bin/vvp
:ivl_version "12.0 (stable)";
:ivl_delay_selection "TYPICAL";
:vpi_time_precision - 12;
:vpi_module "/usr/lib/x86_64-linux-gnu/ivl/system.vpi";
:vpi_module "/usr/lib/x86_64-linux-gnu/ivl/vhdl_sys.vpi";
:vpi_module "/usr/lib/x86_64-linux-gnu/ivl/vhdl_textio.vpi";
:vpi_module "/usr/lib/x86_64-linux-gnu/ivl/v2005_math.vpi";
:vpi_module "/usr/lib/x86_64-linux-gnu/ivl/va_math.vpi";
S_0x64f2e6a234b0 .scope module, "i2c_master_tb" "i2c_master_tb" 2 3;
 .timescale -9 -12;
v0x64f2e6a3a2b0_0 .var "addr", 6 0;
v0x64f2e6a3a390_0 .var "clk", 0 0;
v0x64f2e6a3a460_0 .var "data", 7 0;
v0x64f2e6a3a560_0 .net "scl", 0 0, v0x64f2e6a39ed0_0;  1 drivers
v0x64f2e6a3a630_0 .net "sda", 0 0, v0x64f2e6a39f90_0;  1 drivers
v0x64f2e6a3a6d0_0 .var "start", 0 0;
S_0x64f2e6a23640 .scope module, "uut" "i2c_master" 2 13, 3 1 0, S_0x64f2e6a234b0;
 .timescale -9 -12;
    .port_info 0 /INPUT 1 "clk";
    .port_info 1 /INPUT 1 "start";
    .port_info 2 /INPUT 7 "addr";
    .port_info 3 /INPUT 8 "data";
    .port_info 4 /OUTPUT 1 "scl";
    .port_info 5 /OUTPUT 1 "sda";
v0x64f2e69e8490_0 .net "addr", 6 0, v0x64f2e6a3a2b0_0;  1 drivers
v0x64f2e6a39b60_0 .var "bit_cnt", 3 0;
v0x64f2e6a39c40_0 .var "busy", 0 0;
v0x64f2e6a39ce0_0 .net "clk", 0 0, v0x64f2e6a3a390_0;  1 drivers
v0x64f2e6a39da0_0 .net "data", 7 0, v0x64f2e6a3a460_0;  1 drivers
v0x64f2e6a39ed0_0 .var "scl", 0 0;
v0x64f2e6a39f90_0 .var "sda", 0 0;
v0x64f2e6a3a050_0 .var "shift_reg", 15 0;
v0x64f2e6a3a130_0 .net "start", 0 0, v0x64f2e6a3a6d0_0;  1 drivers
E_0x64f2e6a25860 .event posedge, v0x64f2e6a39ce0_0;
    .scope S_0x64f2e6a23640;
T_0 ;
    %pushi/vec4 0, 0, 1;
    %store/vec4 v0x64f2e6a39ed0_0, 0, 1;
    %pushi/vec4 1, 0, 1;
    %store/vec4 v0x64f2e6a39f90_0, 0, 1;
    %pushi/vec4 0, 0, 4;
    %store/vec4 v0x64f2e6a39b60_0, 0, 4;
    %pushi/vec4 0, 0, 1;
    %store/vec4 v0x64f2e6a39c40_0, 0, 1;
    %end;
    .thread T_0;
    .scope S_0x64f2e6a23640;
T_1 ;
    %wait E_0x64f2e6a25860;
    %load/vec4 v0x64f2e6a3a130_0;
    %flag_set/vec4 9;
    %flag_get/vec4 9;
    %jmp/0 T_1.2, 9;
    %load/vec4 v0x64f2e6a39c40_0;
    %nor/r;
    %and;
T_1.2;
    %flag_set/vec4 8;
    %jmp/0xz  T_1.0, 8;
    %pushi/vec4 1, 0, 1;
    %assign/vec4 v0x64f2e6a39c40_0, 0;
    %load/vec4 v0x64f2e69e8490_0;
    %concati/vec4 0, 0, 1;
    %load/vec4 v0x64f2e6a39da0_0;
    %concat/vec4; draw_concat_vec4
    %assign/vec4 v0x64f2e6a3a050_0, 0;
    %pushi/vec4 15, 0, 4;
    %assign/vec4 v0x64f2e6a39b60_0, 0;
    %pushi/vec4 0, 0, 1;
    %assign/vec4 v0x64f2e6a39ed0_0, 0;
    %jmp T_1.1;
T_1.0 ;
    %load/vec4 v0x64f2e6a39c40_0;
    %flag_set/vec4 8;
    %jmp/0xz  T_1.3, 8;
    %load/vec4 v0x64f2e6a39ed0_0;
    %inv;
    %assign/vec4 v0x64f2e6a39ed0_0, 0;
    %load/vec4 v0x64f2e6a39ed0_0;
    %flag_set/vec4 8;
    %jmp/0xz  T_1.5, 8;
    %load/vec4 v0x64f2e6a3a050_0;
    %load/vec4 v0x64f2e6a39b60_0;
    %part/u 1;
    %assign/vec4 v0x64f2e6a39f90_0, 0;
    %load/vec4 v0x64f2e6a39b60_0;
    %subi 1, 0, 4;
    %assign/vec4 v0x64f2e6a39b60_0, 0;
T_1.5 ;
    %load/vec4 v0x64f2e6a39b60_0;
    %pad/u 32;
    %cmpi/e 0, 0, 32;
    %jmp/0xz  T_1.7, 4;
    %pushi/vec4 0, 0, 1;
    %assign/vec4 v0x64f2e6a39c40_0, 0;
    %pushi/vec4 0, 0, 1;
    %assign/vec4 v0x64f2e6a39ed0_0, 0;
T_1.7 ;
T_1.3 ;
T_1.1 ;
    %jmp T_1;
    .thread T_1;
    .scope S_0x64f2e6a234b0;
T_2 ;
    %pushi/vec4 0, 0, 1;
    %store/vec4 v0x64f2e6a3a390_0, 0, 1;
    %pushi/vec4 0, 0, 1;
    %store/vec4 v0x64f2e6a3a6d0_0, 0, 1;
    %pushi/vec4 80, 0, 7;
    %store/vec4 v0x64f2e6a3a2b0_0, 0, 7;
    %pushi/vec4 90, 0, 8;
    %store/vec4 v0x64f2e6a3a460_0, 0, 8;
    %end;
    .thread T_2;
    .scope S_0x64f2e6a234b0;
T_3 ;
    %delay 5000, 0;
    %load/vec4 v0x64f2e6a3a390_0;
    %inv;
    %store/vec4 v0x64f2e6a3a390_0, 0, 1;
    %jmp T_3;
    .thread T_3;
    .scope S_0x64f2e6a234b0;
T_4 ;
    %vpi_call 2 27 "$dumpfile", "i2c_master.vcd" {0 0 0};
    %vpi_call 2 28 "$dumpvars", 32'sb00000000000000000000000000000000, S_0x64f2e6a234b0 {0 0 0};
    %delay 20000, 0;
    %pushi/vec4 1, 0, 1;
    %store/vec4 v0x64f2e6a3a6d0_0, 0, 1;
    %delay 10000, 0;
    %pushi/vec4 0, 0, 1;
    %store/vec4 v0x64f2e6a3a6d0_0, 0, 1;
    %delay 500000, 0;
    %vpi_call 2 39 "$finish" {0 0 0};
    %end;
    .thread T_4;
# The file index is used to find the file name in the following table.
:file_names 4;
    "N/A";
    "<interactive>";
    "i2c_master_tb.v";
    "i2c_master.v";
