#! /usr/bin/vvp
:ivl_version "10.3 (stable)";
:ivl_delay_selection "TYPICAL";
:vpi_time_precision + 0;
:vpi_module "system";
:vpi_module "vhdl_sys";
:vpi_module "v2005_math";
:vpi_module "va_math";
S_0x558057f3f100 .scope module, "uart_tx" "uart_tx" 2 1;
 .timescale 0 0;
    .port_info 0 /INPUT 1 "clk"
    .port_info 1 /INPUT 1 "start"
    .port_info 2 /INPUT 8 "data"
    .port_info 3 /OUTPUT 1 "tx"
    .port_info 4 /OUTPUT 1 "done"
P_0x558057f3f280 .param/l "BAUD_DIV" 0 2 9, +C4<00000000000000000000000000001010>;
v0x558057f539b0_0 .var "baud_cnt", 3 0;
v0x558057f88970_0 .var "bit_cnt", 3 0;
v0x558057f88a50_0 .var "busy", 0 0;
o0x7f87783d30a8 .functor BUFZ 1, C4<z>; HiZ drive
v0x558057f88b20_0 .net "clk", 0 0, o0x7f87783d30a8;  0 drivers
o0x7f87783d30d8 .functor BUFZ 8, C4<zzzzzzzz>; HiZ drive
v0x558057f88be0_0 .net "data", 7 0, o0x7f87783d30d8;  0 drivers
v0x558057f88d10_0 .var "done", 0 0;
v0x558057f88dd0_0 .var "shift_reg", 9 0;
o0x7f87783d3168 .functor BUFZ 1, C4<z>; HiZ drive
v0x558057f88eb0_0 .net "start", 0 0, o0x7f87783d3168;  0 drivers
v0x558057f88f70_0 .var "tx", 0 0;
E_0x558057f744c0 .event posedge, v0x558057f88b20_0;
    .scope S_0x558057f3f100;
T_0 ;
    %pushi/vec4 1, 0, 1;
    %store/vec4 v0x558057f88f70_0, 0, 1;
    %pushi/vec4 0, 0, 1;
    %store/vec4 v0x558057f88a50_0, 0, 1;
    %end;
    .thread T_0;
    .scope S_0x558057f3f100;
T_1 ;
    %wait E_0x558057f744c0;
    %load/vec4 v0x558057f88eb0_0;
    %load/vec4 v0x558057f88a50_0;
    %nor/r;
    %and;
    %flag_set/vec4 8;
    %jmp/0xz  T_1.0, 8;
    %pushi/vec4 1, 0, 1;
    %load/vec4 v0x558057f88be0_0;
    %concat/vec4; draw_concat_vec4
    %concati/vec4 0, 0, 1;
    %assign/vec4 v0x558057f88dd0_0, 0;
    %pushi/vec4 9, 0, 4;
    %assign/vec4 v0x558057f88970_0, 0;
    %pushi/vec4 0, 0, 4;
    %assign/vec4 v0x558057f539b0_0, 0;
    %pushi/vec4 1, 0, 1;
    %assign/vec4 v0x558057f88a50_0, 0;
    %pushi/vec4 0, 0, 1;
    %assign/vec4 v0x558057f88d10_0, 0;
    %jmp T_1.1;
T_1.0 ;
    %load/vec4 v0x558057f88a50_0;
    %flag_set/vec4 8;
    %jmp/0xz  T_1.2, 8;
    %load/vec4 v0x558057f539b0_0;
    %pad/u 32;
    %cmpi/e 9, 0, 32;
    %jmp/0xz  T_1.4, 4;
    %load/vec4 v0x558057f88dd0_0;
    %parti/s 1, 0, 2;
    %assign/vec4 v0x558057f88f70_0, 0;
    %load/vec4 v0x558057f88dd0_0;
    %ix/load 4, 1, 0;
    %flag_set/imm 4, 0;
    %shiftr 4;
    %assign/vec4 v0x558057f88dd0_0, 0;
    %pushi/vec4 0, 0, 4;
    %assign/vec4 v0x558057f539b0_0, 0;
    %load/vec4 v0x558057f88970_0;
    %pad/u 32;
    %cmpi/e 0, 0, 32;
    %jmp/0xz  T_1.6, 4;
    %pushi/vec4 0, 0, 1;
    %assign/vec4 v0x558057f88a50_0, 0;
    %pushi/vec4 1, 0, 1;
    %assign/vec4 v0x558057f88d10_0, 0;
    %jmp T_1.7;
T_1.6 ;
    %load/vec4 v0x558057f88970_0;
    %subi 1, 0, 4;
    %assign/vec4 v0x558057f88970_0, 0;
T_1.7 ;
    %jmp T_1.5;
T_1.4 ;
    %load/vec4 v0x558057f539b0_0;
    %addi 1, 0, 4;
    %assign/vec4 v0x558057f539b0_0, 0;
T_1.5 ;
T_1.2 ;
T_1.1 ;
    %jmp T_1;
    .thread T_1;
    .scope S_0x558057f3f100;
T_2 ;
    %vpi_call 2 42 "$dumpfile", "results/wave.vcd" {0 0 0};
    %vpi_call 2 43 "$dumpvars", 32'sb00000000000000000000000000000000, S_0x558057f3f100 {0 0 0};
    %end;
    .thread T_2;
# The file index is used to find the file name in the following table.
:file_names 3;
    "N/A";
    "<interactive>";
    "uart_tx.v";
