#! /usr/bin/vvp
:ivl_version "11.0 (stable)";
:ivl_delay_selection "TYPICAL";
:vpi_time_precision + 0;
:vpi_module "/usr/lib/x86_64-linux-gnu/ivl/system.vpi";
:vpi_module "/usr/lib/x86_64-linux-gnu/ivl/vhdl_sys.vpi";
:vpi_module "/usr/lib/x86_64-linux-gnu/ivl/vhdl_textio.vpi";
:vpi_module "/usr/lib/x86_64-linux-gnu/ivl/v2005_math.vpi";
:vpi_module "/usr/lib/x86_64-linux-gnu/ivl/va_math.vpi";
S_0x557eb558cdc0 .scope module, "adder" "adder" 2 1;
 .timescale 0 0;
    .port_info 0 /INPUT 4 "a";
    .port_info 1 /INPUT 4 "b";
    .port_info 2 /OUTPUT 5 "sum";
v0x557eb558cfa0_0 .net *"_ivl_0", 4 0, L_0x557eb55d48c0;  1 drivers
L_0x7fe7b4f56018 .functor BUFT 1, C4<0>, C4<0>, C4<0>, C4<0>;
v0x557eb55d42d0_0 .net *"_ivl_3", 0 0, L_0x7fe7b4f56018;  1 drivers
v0x557eb55d43b0_0 .net *"_ivl_4", 4 0, L_0x557eb55d4a10;  1 drivers
L_0x7fe7b4f56060 .functor BUFT 1, C4<0>, C4<0>, C4<0>, C4<0>;
v0x557eb55d4470_0 .net *"_ivl_7", 0 0, L_0x7fe7b4f56060;  1 drivers
o0x7fe7b4f9f0d8 .functor BUFZ 4, C4<zzzz>; HiZ drive
v0x557eb55d4550_0 .net "a", 3 0, o0x7fe7b4f9f0d8;  0 drivers
o0x7fe7b4f9f108 .functor BUFZ 4, C4<zzzz>; HiZ drive
v0x557eb55d4680_0 .net "b", 3 0, o0x7fe7b4f9f108;  0 drivers
v0x557eb55d4760_0 .net "sum", 4 0, L_0x557eb55d4b60;  1 drivers
L_0x557eb55d48c0 .concat [ 4 1 0 0], o0x7fe7b4f9f0d8, L_0x7fe7b4f56018;
L_0x557eb55d4a10 .concat [ 4 1 0 0], o0x7fe7b4f9f108, L_0x7fe7b4f56060;
L_0x557eb55d4b60 .arith/sum 5, L_0x557eb55d48c0, L_0x557eb55d4a10;
# The file index is used to find the file name in the following table.
:file_names 3;
    "N/A";
    "<interactive>";
    "/home/mirafra/PycharmProjects/PythonProjectEDA/day_8b/adder.v";
